Collecting main service artifacts
Failed to download artifact '/app/report.json' from service 'main' (best-effort)
Traceback (most recent call last):
  File "/Users/ishapatel/.local/share/uv/tools/harbor/lib/python3.13/site-packages/harbor/trial/artifact_handler.py", line 330, in _download_artifact
    await source_env.service_download_file(
    ...<3 lines>...
    )
  File "/Users/ishapatel/.local/share/uv/tools/harbor/lib/python3.13/site-packages/harbor/environments/docker/docker.py", line 1052, in service_download_file
    await self.download_file(source_path, target_path)
  File "/Users/ishapatel/.local/share/uv/tools/harbor/lib/python3.13/site-packages/harbor/environments/docker/docker.py", line 1037, in download_file
    await self._platform.download_file(source_path, target_path)
  File "/Users/ishapatel/.local/share/uv/tools/harbor/lib/python3.13/site-packages/harbor/environments/docker/docker_unix.py", line 185, in download_file
    await self._env._run_docker_compose_command(
    ...<2 lines>...
    )
  File "/Users/ishapatel/.local/share/uv/tools/harbor/lib/python3.13/site-packages/harbor/environments/docker/docker.py", line 656, in _run_docker_compose_command
    raise RuntimeError(
    ...<5 lines>...
    )
RuntimeError: Docker compose command failed for environment my-first-task. Command: docker compose --project-name task-0001__ppsyosh__env --project-directory /private/var/folders/zw/jgzmvhl97_q0lk0r85v2bq4h0000gn/T/harbor-exec-map-tasks-otm5m4p8/task-0001/environment -f /private/var/folders/zw/jgzmvhl97_q0lk0r85v2bq4h0000gn/T/tmp4i76jhs2/task-0001__pPSYosH__env-docker-compose-resources.json -f /Users/ishapatel/.local/share/uv/tools/harbor/lib/python3.13/site-packages/harbor/environments/docker/docker-compose-prebuilt.yaml -f /private/var/folders/zw/jgzmvhl97_q0lk0r85v2bq4h0000gn/T/tmpapxwhyto/docker-compose-environment.json -f /private/var/folders/zw/jgzmvhl97_q0lk0r85v2bq4h0000gn/T/tmpq19gazbr/docker-compose-mounts.json cp main:/app/report.json jobs/2026-07-27__00-55-14-map/task-0001__pPSYosH/artifacts/app/report.json. Return code: 1. Stdout:  task-0001__ppsyosh__env-main-1 Copying task-0001__ppsyosh__env-main-1:/app/report.json to jobs/2026-07-27__00-55-14-map/task-0001__pPSYosH/artifacts/app/report.json
Error response from daemon: Could not find the file /app/report.json in container a517807252940c325e419144cf74164aa4866da47b28b5d6d2305741bee59850
. Stderr: None. 
Trial task-0001__pPSYosH failed: No reward file found at jobs/2026-07-27__00-55-14-map/task-0001__pPSYosH/verifier/reward.txt or jobs/2026-07-27__00-55-14-map/task-0001__pPSYosH/verifier/reward.json
Exception RewardFileNotFoundError is in exclude_exceptions, not retrying
Not retrying trial because the exception is not in include_exceptions or the maximum number of retries has been reached
