Collecting main service artifacts
Failed to download artifact '/app/report.json' from service 'main' (best-effort)
Traceback (most recent call last):
  File "/Users/ishapatel/.local/share/uv/tools/harbor/lib/python3.13/site-packages/harbor/trial/artifact_handler.py", line 330, in _download_artifact
    await source_env.service_download_file(
    ...<3 lines>...
    )
  File "/Users/ishapatel/.local/share/uv/tools/harbor/lib/python3.13/site-packages/harbor/environments/docker/docker.py", line 1052, in service_download_file
    await self.download_file(source_path, target_path)
  File "/Users/ishapatel/.local/share/uv/tools/harbor/lib/python3.13/site-packages/harbor/environments/docker/docker.py", line 1037, in download_file
    await self._platform.download_file(source_path, target_path)
  File "/Users/ishapatel/.local/share/uv/tools/harbor/lib/python3.13/site-packages/harbor/environments/docker/docker_unix.py", line 185, in download_file
    await self._env._run_docker_compose_command(
    ...<2 lines>...
    )
  File "/Users/ishapatel/.local/share/uv/tools/harbor/lib/python3.13/site-packages/harbor/environments/docker/docker.py", line 656, in _run_docker_compose_command
    raise RuntimeError(
    ...<5 lines>...
    )
RuntimeError: Docker compose command failed for environment my-first-task. Command: docker compose --project-name task-0001__mvfkex3__env --project-directory /private/var/folders/zw/jgzmvhl97_q0lk0r85v2bq4h0000gn/T/harbor-exec-map-tasks-h87yoejw/task-0001/environment -f /private/var/folders/zw/jgzmvhl97_q0lk0r85v2bq4h0000gn/T/tmpjnbpxg_r/task-0001__mVfKeX3__env-docker-compose-resources.json -f /Users/ishapatel/.local/share/uv/tools/harbor/lib/python3.13/site-packages/harbor/environments/docker/docker-compose-prebuilt.yaml -f /private/var/folders/zw/jgzmvhl97_q0lk0r85v2bq4h0000gn/T/tmp9px26psh/docker-compose-environment.json -f /private/var/folders/zw/jgzmvhl97_q0lk0r85v2bq4h0000gn/T/tmpma84mhka/docker-compose-mounts.json cp main:/app/report.json jobs/2026-07-27__01-12-24-map/task-0001__mVfKeX3/artifacts/app/report.json. Return code: 1. Stdout:  task-0001__mvfkex3__env-main-1 Copying task-0001__mvfkex3__env-main-1:/app/report.json to jobs/2026-07-27__01-12-24-map/task-0001__mVfKeX3/artifacts/app/report.json
Error response from daemon: Could not find the file /app/report.json in container c2643caa1e68feacd77106fcf0884dff4c062d2e7a83258e7668b1c7bdd13aa8
. Stderr: None. 
Trial task-0001__mVfKeX3 failed: No reward file found at jobs/2026-07-27__01-12-24-map/task-0001__mVfKeX3/verifier/reward.txt or jobs/2026-07-27__01-12-24-map/task-0001__mVfKeX3/verifier/reward.json
